<html>
<body>
<pre>
<h1>µVision Build Log</h1>
<h2>Tool Versions:</h2>
IDE-Version: ¶ÃVision V5.14.0.0
Copyright (C) 2015 ARM Ltd and ARM Germany GmbH. All rights reserved.
License Information: zht Microsoft, Microsoft, LIC=MGXAR-KE5ES-34SST-RXUUY-7LG2H-9HC8G
 
Tool Versions:
Toolchain:       MDK-ARM Professional  Version: 5.14.0.0
Toolchain Path:  C:\Keil_v5\ARM\ARMCC\Bin
C Compiler:      Armcc.exe V5.05 update 1 (build 106)
Assembler:       Armasm.exe V5.05 update 1 (build 106)
Linker/Locator:  ArmLink.exe V5.05 update 1 (build 106)
Library Manager: ArmAr.exe V5.05 update 1 (build 106)
Hex Converter:   FromElf.exe V5.05 update 1 (build 106)
CPU DLL:         SARMCM3.DLL V5.14.0.0
Dialog DLL:      DARMSTM.DLL V1.65.0.0
Target DLL:      Segger\JL2CM3.dll V2.99.13.0
Dialog DLL:        TARMSTM.DLL   
 
<h2>Project:</h2>
G:\STM32\stm_source\stm32EndDevice\EndDeviceRCT6\USER\≥µŒª÷’∂À.uvprojx
Project File Date:  12/29/2016

<h2>Output:</h2>
Build target 'Target 1'
compiling main.c...
main.c(55): warning:  #167-D: argument of type "char *" is incompatible with parameter of type "unsigned char *"
        LCD_P8x16Str(0,0,lcd_show);
main.c(86): warning:  #167-D: argument of type "char *" is incompatible with parameter of type "unsigned char *"
        LCD_P8x16Str(0,0,lcd_show);
main.c(147): warning:  #167-D: argument of type "u8 *" is incompatible with parameter of type "char *restrict"
                        sprintf(dht11_lcd, "t:%dC ",temp);
main.c(149): warning:  #167-D: argument of type "u8 *" is incompatible with parameter of type "char *restrict"
                        sprintf(dht11_lcd, "h:%d%%", humi);
main.c(211): warning:  #167-D: argument of type "char *" is incompatible with parameter of type "unsigned char *"
                        LCD_P8x16Str(0,0,lcd_show);
main.c: 5 warnings, 0 errors
linking...
Program Size: Code=21978 RO-data=2586 RW-data=1808 ZI-data=3736  
FromELF: creating hex file...
"..\OBJ\USART.axf" - 0 Error(s), 5 Warning(s).

<h2>Collection of Component include folders:</h2>
  G:\STM32\stm_source\stm32EndDevice\EndDeviceRCT6\USER\RTE
  C:\Keil_v5\ARM\PACK\Keil\STM32F1xx_DFP\1.0.5\Device\Include

<h2>Collection of Component Files used:</h2>
</pre>
</body>
</html>
